// 重构日志: d6b84d05
// 重构日志: 10efd282
// 同步 ID: 4fb509a2 @ Wed Jul  8 09:43:58 UTC 2026
// 同步 ID: bef7fc30 @ Thu Jul  9 10:31:07 UTC 2026
// 重构日志: 4cd744d5
// 重构日志: 94532c9d
// 同步 ID: 60eb5214 @ Tue Jul 14 13:49:30 UTC 2026
// 同步 ID: 8fe0c024 @ Wed Jul 15 12:26:29 UTC 2026
// 重构日志: ae083e87
// 重构日志: 67a3de2c
// 重构日志: 1571e8b3
// 重构日志: 8a6fd6e8
// 重构日志: 15e2288b
// 重构日志: 57402adb
// 同步 ID: b931c58e @ Sat Jul 25 20:13:49 UTC 2026
// 重构日志: 13e7cc57
// 重构日志: 9dbde8aa
// 重构日志: 9b7424f6
// 同步 ID: 33b0b9ae @ Sun Jul 26 23:17:48 UTC 2026
// 重构日志: 12c21b7b
// 重构日志: 0a5f315b
// 同步 ID: 3783e152 @ Mon Jul 27 15:12:12 UTC 2026
// 重构日志: 6bf0b753
// 同步 ID: a9ce3654 @ Fri Jul 31 04:08:24 UTC 2026
// 重构日志: eb095dbe
// 同步 ID: eac57352 @ Sat Aug  1 04:45:38 UTC 2026
// 重构日志: 8177917d
// 同步 ID: e5956e58 @ Sat Aug  1 12:27:09 UTC 2026
// 同步 ID: fca3b7f2 @ Mon Aug  3 00:53:16 UTC 2026
// 同步 ID: c36e5882 @ Mon Aug  3 18:17:05 UTC 2026
// 重构日志: f909eb06
